$D000,SPRX0
$D001,SPRY0
$D002,SPRX1
$D003,SPRY1
$D004,SPRX2
$D005,SPRY2
$D006,SPRX3
$D007,SPRY3
$D008,SPRX4
$D009,SPRY4
$D00A,SPRX5
$D00B,SPRY5
$D00C,SPRX6
$D00D,SPRY6
$D00E,SPRX7
$D00F,SPRY7
$D010,SPRXMSB
$D011,VCR1
$D012,RASTER
$D015,SPREN
$D016,VCR2
$D017,SPRYEX
$D018,VMCR
$D019,VICINT
$D01A,IRQMR
$D01B,SPRPTY
$D01C,SPRMCS
$D01D,SPRXEX
$D01E,SPRCSP
$D01F,SPRCBG
$D020,BDCOL
$D021,BGCOL0
$D022,BGCOL1
$D023,BGCOL2
$D024,BGCOL3
$D025,SPRMC0
$D026,SPRMC1
$D027,SPRCOL0
$D028,SPRCOL1
$D029,SPRCOL2
$D02A,SPRCOL3
$D02B,SPRCOL4
$D02C,SPRCOL5
$D02D,SPRCOL6
$D02E,SPRCOL7
$D400,V1FREL
$D401,V1FREH
$D402,V1PWL
$D403,V1PWH
$D404,V1CR
$D405,ATTDCY1
$D406,SUSREL1
$D407,V2FREL
$D408,V2FREH
$D409,V2PWL
$D40A,V2PWH
$D40B,V2CR
$D40C,ATTDCY2
$D40D,SUSREL2
$D40E,V3FREL
$D40F,V3FREH
$D410,V3PWL
$D411,V3PWH
$D412,V3CR
$D413,ATTDCY3
$D414,SUSREL3
$D415,FLTCUTOFFLO
$D416,FLTCUTOFFHI
$D417,SIDFILTER
$D418,SIDVOL
$D41B,SIDRAND
$DC00,CIAPRA
$DC01,CIAPRB
$DC02,DDRA
$DC03,DDRB
$DC0D,ICSR1
$DC0E,TMRCRA
$DD00,CIA2PRA
$DD01,CIA2PRB
$DD02,DDRA2
$DD03,DDRB2
$DD04,TIMER2ALO
$DD05,TIMER2AHI
$DD06,TIMER2BLO
$DD07,TIMER2BHI
$DD0D,ICSR2
$DD0E,TMRCRA2
$DD0F,TMRCRB2
$EA31,krnInterrupt
$EA81,krnInterruptNoKey
$FF81,krnPCINT
$FF84,krnIOINIT
$FF87,krnRAMTAS
$FF8A,krnRESTOR
$FF8D,krnVECTOR
$FF90,krnSETMSG
$FF93,krnSECOND
$FF96,krnTKSA
$FF99,krnMEMTOP
$FF9C,krnMEMBOT
$FF9F,krnSCNKEY
$FFA2,krnSETTMO
$FFA5,krnACPTR
$FFA8,krnCIOUT
$FFAB,krnUNTALK
$FFAE,krnUNLSN
$FFB1,krnLISTEN
$FFB4,krnTALK
$FFB7,krnREADST
$FFBA,krnSETLFS
$FFBD,krnSETNAM
$FFC0,krnOPEN
$FFC3,krnCLOSE
$FFC6,krnCHKIN
$FFC9,krnCHKOUT
$FFCC,krnCLRCHN
$FFCF,krnCHRIN
$FFD2,krnCHROUT
$FFD5,krnLOAD
$FFD8,krnSAVE
$FFDB,krnSETTIM
$FFDE,krnRDTIM
$FFE1,krnSTOP
$FFE4,krnGETIN
$FFE7,krnCLALL
$FFEA,krnUDTIM
$FFED,krnSCREEN
$FFF0,krnPLOT
$FFF3,krnBASE
$FFFA,INTNMILO
$FFFB,INTNMIHI
$FFFE,INTIRQLO
$FFFF,INTIRQHI