$9000,VICCR0
$9001,VICCR1
$9002,VICCR2
$9003,VICCR3
$9004,VICCR4
$9005,VICCR5
$9006,VICCR6
$9007,VICCR7
$9008,VICCR8
$9009,VICCR9
$900A,VICCRA
$900B,VICCRB
$900C,VICCRC
$900D,VICCRD
$900E,VICCRE
$900F,VICCRF
$9110,VIA1PB
$9111,VIA1PA1
$9112,VIA1DDRB
$9113,VIA1DDRA
$9114,VIA1T1CL
$9115,VIA1T1CH
$9116,VIA1T1LL
$9117,VIA1T1LH
$9118,VIA1T2CL
$9119,VIA1T2CH
$911A,VIA1SR
$911B,VIA1ACR
$911C,VIA1PCR
$911D,VIA1IFR
$911E,VIA1IER
$911F,VIA1PA2
$9210,VIA2PB
$9211,VIA2PA1
$9212,VIA2DDRB
$9213,VIA2DDRA
$9214,VIA2T1CL
$9215,VIA2T1CH
$9216,VIA2T1LL
$9217,VIA2T1LH
$9218,VIA2T2CL
$9219,VIA2T2CH
$921A,VIA2SR
$921B,VIA2ACR
$921C,VIA2PCR
$921D,VIA2IFR
$921E,VIA2IER
$921F,VIA2PA2
$EABF,krnInterrupt
$FFBA,krnSETLFS
$FFBD,krnSETNAM
$FFC0,krnOPEN
$FFC3,krnCLOSE
$FFC6,krnCHKIN
$FFC9,krnCHKOUT
$FFCC,krnCLRCHN
$FFCF,krnCHRIN
$FFD2,krnCHROUT
$FFD5,krnLOAD
$FFD8,krnSAVE
$FFDB,krnSETTIM
$FFDE,krnRDTIM
$FFE1,krnSTOP
$FFE4,krnGETIN
$FFE7,krnCLALL
$FFEA,krnUDTIM
$FFED,krnSCREEN
$FFF0,krnPLOT
$FFF3,krnBASE
$FFFA,INTNMILO
$FFFB,INTNMIHI
$FFFE,INTIRQLO
$FFFF,INTIRQHI